// Jest Snapshot v1, https://goo.gl/fbAQLP

exports[`Searchbar renders correctly 1`] = `
<div
  className="search-bar"
>
  <div
    className=""
    id="title_container"
  >
    <h2
      id="title"
    >
      Video Saver
    </h2>
    <p>
      Search for videos faster without ads then save them to a list for easy viewing later!
    </p>
  </div>
  <div
    className="divider"
  />
  <div
    className="input_container"
  >
    <input
      id="search_input"
      onChange={[Function]}
      placeholder=" Type in your search here "
      value=""
    />
  </div>
</div>
`;
